[
  {
    "GivenNames": "John",
    "FamilyName": "Smith",
    "Spouse": "Jill",
    "Address": {
      "Street": "1 Puddle Lane",
      "Country": "USA"
    }
  },
  {
    "GivenNames": "Marianne",
    "FamilyName": "Aguirre"
  }
]